contents:
  repositories:
    - https://packages.wolfi.dev/os
  keyring:
    - https://packages.wolfi.dev/os/wolfi-signing.rsa.pub
  packages:
    - minio~0.20231101.183725-2
    - mc
    - bash
    - busybox
    - wolfi-baselayout

accounts:
  groups:
    - groupname: minio
      gid: 1001
  users:
    - username: minio
      uid: 1001
      gid: 1001
  run-as: minio

entrypoint:
  command: minio
