apiVersion: v1
data:
  .dockerconfigjson: eyJhdXRocyI6eyJwcm94eS5yZXBsaWNhdGVkLmNvbSI6eyJhdXRoIjoiWVdKak9tRmlZdz09In0sInJlZ2lzdHJ5LnJlcGxpY2F0ZWQuY29tIjp7ImF1dGgiOiJZV0pqT21GaVl3PT0ifX19
kind: Secret
metadata:
  annotations:
    helm.sh/hook: pre-install,pre-upgrade
    helm.sh/hook-weight: "-9999"
  name: app-slug-registry
  namespace: test
type: kubernetes.io/dockerconfigjson

---
apiVersion: v1
data:
  .dockerconfigjson: eyJhdXRocyI6eyJwcm94eS5yZXBsaWNhdGVkLmNvbSI6eyJhdXRoIjoiWVdKak9tRmlZdz09In0sInJlZ2lzdHJ5LnJlcGxpY2F0ZWQuY29tIjp7ImF1dGgiOiJZV0pqT21GaVl3PT0ifX19
kind: Secret
metadata:
  annotations:
    helm.sh/hook: pre-install,pre-upgrade
    helm.sh/hook-weight: "-9999"
  name: kotsadm-replicated-registry
  namespace: test
type: kubernetes.io/dockerconfigjson

---
apiVersion: v1
data:
  .dockerconfigjson: eyJhdXRocyI6eyJpbmRleC5kb2NrZXIuaW8iOnsiYXV0aCI6ImNtVndiR2xqWVhSbFpIUmxjM1J6T21jeVEzTTFRa0kwYmsxTlkxZFVPWGgzZVdaNCJ9fX0=
kind: Secret
metadata:
  annotations:
    helm.sh/hook: pre-install,pre-upgrade
    helm.sh/hook-weight: "-9999"
  name: app-version-label-kotsadm-dockerhub
  namespace: test
type: kubernetes.io/dockerconfigjson
